---
source: src/frontend/tests/rendered_snapshots.rs
expression: terminal.backend()
---
"┌Filters───────┐┌Logs [log=0.0/s]──────────────────────────────────────────────────────────────────────────────────────────────────────────────────────────────┐"
"│EWI  :kwaak   ││                                                                                                                                              │"
"│EWI  :swiftide││                                                                                                                                              │"
"│              ││                                                                                                                                              │"
"│              ││                                                                                                                                              │"
"│              ││                                                                                                                                              │"
"│              ││                                                                                                                                              │"
"│              ││                                                                                                                                              │"
"│              ││                                                                                                                                              │"
"│              ││                                                                                                                                              │"
"│              ││                                                                                                                                              │"
"│              ││                                                                                                                                              │"
"│              ││                                                                                                                                              │"
"│              ││                                                                                                                                              │"
"│              ││                                                                                                                                              │"
"│              ││                                                                                                                                              │"
"│              ││                                                                                                                                              │"
"│              ││                                                                                                                                              │"
"│              ││                                                                                                                                              │"
"│              ││                                                                                                                                              │"
"│              ││                                                                                                                                              │"
"│              ││                                                                                                                                              │"
"│              ││                                                                                                                                              │"
"│              ││                                                                                                                                              │"
"│              ││                                                                                                                                              │"
"│              ││                                                                                                                                              │"
"│              ││                                                                                                                                              │"
"│              ││                                                                                                                                              │"
"│              ││                                                                                                                                              │"
"│              ││                                                                                                                                              │"
"│              ││                                                                                                                                              │"
"│              ││                                                                                                                                              │"
"│              ││                                                                                                                                              │"
"│              ││                                                                                                                                              │"
"│              ││                                                                                                                                              │"
"│              ││                                                                                                                                              │"
"└──────────────┘└──────────────────────────────────────────────────────────────────────────────────────────────────────────────────────────────────────────────┘"
"                                               Q: Quit | Tab: Switch state | ↑/↓: Select target | f: Focus target                                               "
"                                             ←/→: Display level | +/-: Filter level | Space: Toggle hidden targets                                              "
"                                               h: Hide target selector | PageUp/Down: Scroll | Esc: Cancel scroll                                               "
