---
source: tests/retry_chat.rs
expression: terminal.backend()
---
"┌──────────────────────────────────────────────────────────────────────────────────────────────────────────────────────────────↑─────────────Chats─────────────┐"
"│ ✦ Kwek kwek                                                                                                                  █ 󰍩  Kwek                       │"
"│ ℹ Command chat successful in 0 seconds                                                                                       █                               │"
"│                                                                                                                              █                               │"
"│                                                                                                                              █                               │"
"│                                                                                                                              █                               │"
"│                                                                                                                              █                               │"
"│                                                                                                                              █                               │"
"│                                                                                                                              █                               │"
"│                                                                                                                              █                               │"
"│                                                                                                                              █                               │"
"│                                                                                                                              █                               │"
"│                                                                                                                              █                               │"
"│                                                                                                                              █                               │"
"│                                                                                                                              █                               │"
"│                                                                                                                              █                               │"
"│                                                                                                                              █                               │"
"│                                                                                                                              █                               │"
"│                                                                                                                              █─────────Chat commands─────────┤"
"│                                                                                                                              █                               │"
"│                                                                                                                              █ /quit                         │"
"│                                                                                                                              █ /show_config                  │"
"│                                                                                                                              █ /index_repository             │"
"│                                                                                                                              █ /next_chat                    │"
"│                                                                                                                              █ /new_chat                     │"
"│                                                                                                                              █ /delete_chat                  │"
"│                                                                                                                              █ /copy                         │"
"│                                                                                                                              ║ /diff                         │"
"│                                                                                                                              ║ /retry                        │"
"│                                                                                                                              ↓ /help                         │"
"├──────────────────────────────────────────────────────────────────────────────────────────────────────────────────────────────┤                               │"
"│  Send a message to an agent ...                                                                                              │──────────Keybindings──────────┤"
"│                                                                                                                              │                               │"
"│                                                                                                                              │ Page Up/Down - Scroll         │"
"│                                                                                                                              │ End - Scroll to end           │"
"│                                                                                                                              │ ^s - Send message             │"
"│                                                                                                                              │                               │"
"└──────────────────────────────────────────────────────────────────────────────────────────────────────────────────────────────┴───────────────────────────────┘"
"                                                                                                                     kwaak/936da01f-9abd-4d9d-80c7-02af85c822a8 "
"                                                                                                                                                                "
